K3765-Z bounded RAM bundle load
Host time: 2026-08-01T19:49:32
No NAND erase/program/write operation is implemented.

0x00800000  build\github-run-30219324982\ready-k3765-probe\armprg_stage0_monitor.bin
  size   : 105,928
  SHA-256: d62987d1bf6039c05b0cbf7e80ee86d47d8d00b5f154a22594c8ab30f9978dd5
  CRC32  : E47D7226

0x00208000  build\github-run-30708684681\Image-k3765-probe
  size   : 3,635,632
  SHA-256: 82d08997651b43e9b7fe3e673fd7a31f05bad2ef06464c1b550fd09073ce9199
  CRC32  : E966CEE9

0x01000000  build\github-run-30708684681\k3765_bl1_linux_image.bin
  size   : 5,933
  SHA-256: 08d38a0343f9b74552fa7b14a4e6c64cf610441869bbff24733eae70de65ac29
  CRC32  : 5265B0DB

0x01F80000  build\github-run-30708684681\k3765-z-probe.dtb
  size   : 891
  SHA-256: 58607b3d3b36cd2f89b9ffbad53a7758173811086249eb99954884db7ba78a35
  CRC32  : 483C3017
PBL acknowledged every bounded RAM chunk.
Stage-0 execute command sent.
No persistent-storage command was sent.
