K3765-Z bounded RAM bundle load
Host time: 2026-08-01T17:05:11
No NAND erase/program/write operation is implemented.

0x00800000  build\github-run-30219324982\ready-k3765-probe\armprg_stage0_monitor.bin
  size   : 105,928
  SHA-256: d62987d1bf6039c05b0cbf7e80ee86d47d8d00b5f154a22594c8ab30f9978dd5
  CRC32  : E47D7226

0x00208000  build\github-run-30460928047\Image-k3765-probe
  size   : 3,635,632
  SHA-256: 43953dcc26123b4ba30a8b2043fb70bc66b6b654281b2f83e46f7535245eb231
  CRC32  : 2BA28106

0x01000000  build\github-run-30460928047\k3765_bl1_linux_image.bin
  size   : 5,933
  SHA-256: 05573dbcb9b7459e4e5d7a1ba27ca922135bb965edebb9687bf84671f690a23d
  CRC32  : A445CE9B

0x01F80000  build\github-run-30460928047\k3765-z-probe.dtb
  size   : 891
  SHA-256: 58607b3d3b36cd2f89b9ffbad53a7758173811086249eb99954884db7ba78a35
  CRC32  : 483C3017
PBL acknowledged every bounded RAM chunk.
Stage-0 execute command sent.
No persistent-storage command was sent.
