K3765-Z bounded RAM bundle load
Host time: 2026-08-09T21:26:26
No NAND erase/program/write operation is implemented.

0x00800000  C:\Users\User\Desktop\Shadow-MSM\Shadow-MSM-Linux-ISO-v4-BusyBox\armprg_stage0_monitor.bin
  size   : 105,928
  SHA-256: 588e897f46a3d7dfe4f5f989bcc85ab3b4604b4f7ccacd5d802b53be226f4f52
  CRC32  : 75F82125

0x00208000  C:\Users\User\Desktop\Shadow-MSM\Shadow-MSM-Linux-ISO-v4-BusyBox\Image-k3765-probe
  size   : 4,798,896
  SHA-256: a2cb483e5b7b9c22675d594ab054e2457e7a156162839b25cd34df7a1e2579c6
  CRC32  : 4EEE7CDF

0x01000000  C:\Users\User\Desktop\Shadow-MSM\Shadow-MSM-Linux-ISO-v4-BusyBox\k3765_bl1_linux_image.bin
  size   : 5,933
  SHA-256: 9f9a531a783682046b8a66f81e5a53c7be128cf2f720eac9c3cb5ae1f7c527cf
  CRC32  : AF2CF379

0x01F80000  C:\Users\User\Desktop\Shadow-MSM\Shadow-MSM-Linux-ISO-v4-BusyBox\k3765-z-probe.dtb
  size   : 891
  SHA-256: 58607b3d3b36cd2f89b9ffbad53a7758173811086249eb99954884db7ba78a35
  CRC32  : 483C3017
PBL acknowledged every bounded RAM chunk.
Stage-0 execute command sent.
No persistent-storage command was sent.
