K3765-Z BL1 0.4 direct Linux Image boot
Mode  : validated non-returning Image handoff
Flash : untouched; RAM execution only
Input images
Image size     : 
0x003739B0
DTB size       : 
0x0000037B
Host marker     : 
0x494D4731
Image fingerprints and DTB validation
Image sparse fingerprints: PASS
DTB magic      : 
0xEDFE0DD0
DTB total size : 
0x0000037B
Linux entry state
CPSR            : 
0x200000D3
SCTLR           : 
0x00051078
PC              : 
0x00208000
r0              : 
0x00000000
r1              : 
0xFFFFFFFF
r2              : 
0x01F80000
Validation PASS
LED checkpoint  : blue
JUMPING DIRECTLY TO DECOMPRESSED LINUX IMAGE
Shadow-MSM: entered decompressed Linux head.S
Shadow-MSM: ARM926 processor lookup passed
Shadow-MSM: initial page tables created
Shadow-MSM: calling ARM926 processor setup
Shadow-MSM: entered ARM926 setup
Shadow-MSM: ARM926 cache invalidate returned
Shadow-MSM: ARM926 TLB invalidate returned
Shadow-MSM: ARM926 control word ready
Shadow-MSM: ARM926 setup returned; enabling MMU next
Shadow-MSM: MMU enabled; identity execution continues
Shadow-MSM: entered __mmap_switched at the kernel virtual address
Shadow-MSM: __mmap_switched cleared BSS
Shadow-MSM: branching to start_kernel
Shadow-MSM: entered start_kernel C code
Shadow-MSM: initial task stack is ready
Shadow-MSM: processor ID setup completed
Shadow-MSM: earliest generic initialization completed
Shadow-MSM: entering ARM setup_arch
Shadow-MSM: entered setup_arch
Shadow-MSM: setup_processor completed
Shadow-MSM: device-tree machine selected
Shadow-MSM: early_mm_init completed
Shadow-MSM: ARM memblock initialization completed
Shadow-MSM: entering paging_init
Shadow-MSM: low bootstrap identity mappings retained
Shadow-MSM: map_lowmem completed
Shadow-MSM: permanent kernel mappings completed
Shadow-MSM: DMA contiguous remap completed
Shadow-MSM: early fixmap shutdown completed
Shadow-MSM: vector pages allocated
Shadow-MSM: early trap vectors initialized
Shadow-MSM: temporary vmalloc mappings cleared
Shadow-MSM: static device mappings completed
Shadow-MSM: PCI I/O reservation completed
Shadow-MSM: device-map TLB flush completed
Shadow-MSM: device-map cache flush completed
Shadow-MSM: asynchronous aborts enabled
Shadow-MSM: ARM device mappings completed
Shadow-MSM: permanent kmap tables completed
Shadow-MSM: TCM initialization completed
Shadow-MSM: zero page allocated
Shadow-MSM: bootmem_init completed
Shadow-MSM: leaving paging_init
Shadow-MSM: paging_init completed
Shadow-MSM: setup_arch returned to start_kernel
Shadow-MSM: boot configuration completed
Shadow-MSM: command line storage completed
Shadow-MSM: CPU ID limits completed
Shadow-MSM: per-CPU areas completed
Shadow-MSM: boot CPU preparation completed
Shadow-MSM: boot CPU hotplug state completed
Shadow-MSM: initial zone lists completed
Shadow-MSM: page allocator initialization completed
Shadow-MSM: entering jump-label initialization
Shadow-MSM: jump-label initialization completed
Shadow-MSM: early parameters parsed
Shadow-MSM: kernel arguments parsed
Shadow-MSM: early random initialization completed
Shadow-MSM: kernel log buffer completed
Shadow-MSM: early VFS caches completed
Shadow-MSM: exception table sorting completed
Shadow-MSM: generic trap initialization completed
Shadow-MSM: generic memory management completed
Shadow-MSM: function tracing initialization completed
Shadow-MSM: early trace infrastructure completed
Shadow-MSM: scheduler initialization completed
Shadow-MSM: radix tree initialization completed
Shadow-MSM: maple tree initialization completed
Shadow-MSM: housekeeping initialization completed
Shadow-MSM: early workqueue initialization completed
Shadow-MSM: RCU initialization completed
Shadow-MSM: trace event initialization completed
Shadow-MSM: context tracking initialization completed
Shadow-MSM: early IRQ initialization completed
Shadow-MSM: entering platform IRQ initialization
Shadow-MSM: MSM6290 timer IRQ route registered
Shadow-MSM: platform IRQ initialization completed
Shadow-MSM: tick initialization completed
Shadow-MSM: no-HZ RCU initialization completed
Shadow-MSM: timer core initialization completed
Shadow-MSM: SRCU initialization completed
Shadow-MSM: high-resolution timer initialization completed
Shadow-MSM: softirq initialization completed
Shadow-MSM: timekeeping initialization completed
Shadow-MSM: entering platform time initialization
Shadow-MSM: MSM6290 32.768-kHz clockevent registered
Shadow-MSM: platform time initialization completed
Shadow-MSM: random subsystem initialization completed
Shadow-MSM: KFENCE initialization completed
Shadow-MSM: boot stack canary initialized
Shadow-MSM: performance events initialized
Shadow-MSM: profiling initialized
Shadow-MSM: cross-CPU call infrastructure initialized
Shadow-MSM: enabling CPU interrupts
Shadow-MSM: CPU interrupts enabled
Shadow-MSM: late slab initialization completed
Shadow-MSM: entering console initialization
Shadow-MSM: console initialization completed
Shadow-MSM: lock dependency initialization completed
Shadow-MSM: locking self-test completed
Shadow-MSM: memory encryption hook completed
Shadow-MSM: per-CPU page sets initialized
Shadow-MSM: NUMA policy initialization completed
Shadow-MSM: early ACPI hook completed
Shadow-MSM: late platform time hook completed
Shadow-MSM: scheduler clock initialization completed
Shadow-MSM: entering delay-loop calibration
Shadow-MSM: delay-loop calibration completed
Shadow-MSM: PID and anonymous VMA initialization completed
Shadow-MSM: task and process caches initialized
Shadow-MSM: namespace, key, and security initialization completed
Shadow-MSM: VFS, page cache, signal, and seq-file initialization completed
Shadow-MSM: proc, namespace FS, cpuset, and cgroup initialization completed
Shadow-MSM: late generic initialization completed
Shadow-MSM: entering arch_call_rest_init
Shadow-MSM: entered rest_init
Shadow-MSM: RCU scheduler started
Shadow-MSM: PID 1 task created
Shadow-MSM: kthreadd task created
Shadow-MSM: kthreadd completion signalled
Shadow-MSM: entering first schedule
Shadow-MSM: PID 1 reached kernel_init
Shadow-MSM: entering kernel_init_freeable
Shadow-MSM: PID 1 enabled blocking allocations
Shadow-MSM: PID 1 memory policy initialized
Shadow-MSM: CAD PID reference captured
Shadow-MSM: entering smp_prepare_cpus
Shadow-MSM: smp_prepare_cpus completed
Shadow-MSM: entering workqueue_init
Shadow-MSM: workqueue_init completed
Shadow-MSM: memory-management internals initialized
Shadow-MSM: task RCU initialized
Shadow-MSM: entering pre-SMP initcalls
Shadow-MSM: initcall begin 0xC0328608
Shadow-MSM: initcall end 0xC0328608
Shadow-MSM: initcall begin 0xC000D130
Shadow-MSM: initcall end 0xC000D130
Shadow-MSM: initcall begin 0xC03295D8
Shadow-MSM: initcall end 0xC03295D8
Shadow-MSM: initcall begin 0xC032B53C
Shadow-MSM: initcall end 0xC032B53C
Shadow-MSM: initcall begin 0xC032E934
Shadow-MSM: initcall end 0xC032E934
Shadow-MSM: initcall begin 0xC032FFA8
Shadow-MSM: initcall end 0xC032FFA8
Shadow-MSM: initcall begin 0xC0333E70
Shadow-MSM: initcall end 0xC0333E70
Shadow-MSM: initcall begin 0xC0335090
Shadow-MSM: initcall end 0xC0335090
Shadow-MSM: pre-SMP initcalls completed
Shadow-MSM: lockup detector initialized
Shadow-MSM: entering smp_init
Shadow-MSM: smp_init completed
Shadow-MSM: SMP scheduler initialized
Shadow-MSM: padata initialized
Shadow-MSM: late page allocator initialized
Shadow-MSM: page extensions initialized
Shadow-MSM: entering do_basic_setup
Shadow-MSM: entering cpuset_init_smp
Shadow-MSM: cpuset_init_smp completed
Shadow-MSM: entering driver_init
Shadow-MSM: driver_init completed
Shadow-MSM: entering init_irq_proc
Shadow-MSM: init_irq_proc completed
Shadow-MSM: entering constructors
Shadow-MSM: constructors completed
Shadow-MSM: entering initcalls
Shadow-MSM: initcall level begin 0x00000000
Shadow-MSM: initcall begin 0xC0335C60
Shadow-MSM: initcall end 0xC0335C60
Shadow-MSM: initcall level end 0x00000000
Shadow-MSM: initcall level begin 0x00000001
Shadow-MSM: initcall begin 0xC0327898
Shadow-MSM: initcall end 0xC0327898
Shadow-MSM: initcall begin 0xC032BB34
Shadow-MSM: initcall end 0xC032BB34
Shadow-MSM: initcall begin 0xC032C480
Shadow-MSM: initcall end 0xC032C480
Shadow-MSM: initcall begin 0xC032CD2C
Shadow-MSM: initcall end 0xC032CD2C
Shadow-MSM: initcall begin 0xC032DA24
Shadow-MSM: initcall end 0xC032DA24
Shadow-MSM: initcall begin 0xC032E2D8
Shadow-MSM: initcall end 0xC032E2D8
Shadow-MSM: initcall begin 0xC032E788
Shadow-MSM: initcall end 0xC032E788
Shadow-MSM: initcall begin 0xC006124C
Shadow-MSM: initcall end 0xC006124C
Shadow-MSM: initcall begin 0xC0333510
Shadow-MSM: initcall end 0xC0333510
Shadow-MSM: initcall begin 0xC0334C8C
Shadow-MSM: initcall end 0xC0334C8C
Shadow-MSM: initcall begin 0xC03350F4
Shadow-MSM: initcall end 0xC03350F4
Shadow-MSM: initcall begin 0xC0335168
Shadow-MSM: initcall end 0xC0335168
Shadow-MSM: initcall begin 0xC0335184
Shadow-MSM: initcall end 0xC0335184
Shadow-MSM: initcall begin 0xC0335890
Shadow-MSM: initcall end 0xC0335890
Shadow-MSM: initcall begin 0xC0335A7C
Shadow-MSM: initcall end 0xC0335A7C
Shadow-MSM: initcall begin 0xC0336468
Shadow-MSM: initcall end 0xC0336468
Shadow-MSM: initcall begin 0xC0336548
Shadow-MSM: initcall end 0xC0336548
Shadow-MSM: initcall begin 0xC01BC9B8
Shadow-MSM: initcall end 0xC01BC9B8
Shadow-MSM: initcall begin 0xC0337158
Shadow-MSM: initcall end 0xC0337158
Shadow-MSM: initcall begin 0xC0338E48
Shadow-MSM: initcall end 0xC0338E48
Shadow-MSM: initcall begin 0xC0339ED4
Shadow-MSM: initcall end 0xC0339ED4
Shadow-MSM: initcall begin 0xC0339F50
Shadow-MSM: initcall end 0xC0339F50
Shadow-MSM: initcall begin 0xC0339F5C
Shadow-MSM: initcall end 0xC0339F5C
Shadow-MSM: initcall begin 0xC0339F68
Shadow-MSM: initcall end 0xC0339F68
Shadow-MSM: initcall level end 0x00000001
Shadow-MSM: initcall level begin 0x00000002
Shadow-MSM: initcall begin 0xC0329154
Shadow-MSM: initcall end 0xC0329154
Shadow-MSM: initcall begin 0xC032D740
Shadow-MSM: initcall end 0xC032D740
Shadow-MSM: initcall begin 0xC032EECC
Shadow-MSM: initcall end 0xC032EECC
Shadow-MSM: initcall begin 0xC032EF74
Shadow-MSM: initcall end 0xC032EF74
Shadow-MSM: initcall begin 0xC033FFA0
Shadow-MSM: initcall end 0xC033FFA0
Shadow-MSM: initcall begin 0xC033626C
Shadow-MSM: initcall end 0xC033626C
Shadow-MSM: initcall begin 0xC03366DC
Shadow-MSM: initcall end 0xC03366DC
Shadow-MSM: initcall begin 0xC0336734
Shadow-MSM: initcall end 0xC0336734
Shadow-MSM: initcall begin 0xC03372A8
Shadow-MSM: initcall end 0xC03372A8
Shadow-MSM: initcall begin 0xC0337A0C
Shadow-MSM: initcall end 0xC0337A0C
Shadow-MSM: initcall begin 0xC0338E70
Shadow-MSM: initcall end 0xC0338E70
Shadow-MSM: initcall begin 0xC0339490
Shadow-MSM: initcall end 0xC0339490
Shadow-MSM: initcall begin 0xC0339740
Shadow-MSM: initcall end 0xC0339740
Shadow-MSM: initcall begin 0xC0339774
Shadow-MSM: initcall end 0xC0339774
Shadow-MSM: initcall begin 0xC033985C
Shadow-MSM: initcall end 0xC033985C
Shadow-MSM: initcall begin 0xC033986C
Shadow-MSM: initcall end 0xC033986C
Shadow-MSM: initcall begin 0xC033988C
Shadow-MSM: initcall end 0xC033988C
Shadow-MSM: initcall begin 0xC0339CB4
Shadow-MSM: initcall end 0xC0339CB4
Shadow-MSM: initcall begin 0xC0339F94
Shadow-MSM: initcall end 0xC0339F94
Shadow-MSM: initcall begin 0xC0339FA8
Shadow-MSM: initcall end 0xC0339FA8
Shadow-MSM: initcall level end 0x00000002
Shadow-MSM: initcall level begin 0x00000003
Shadow-MSM: initcall begin 0xC032782C
Shadow-MSM: initcall end 0xC032782C
Shadow-MSM: initcall begin 0xC03278C4
Shadow-MSM: initcall end 0xC03278C4
Shadow-MSM: initcall begin 0xC0328E0C
Shadow-MSM: initcall end 0xC0328E0C
Shadow-MSM: initcall begin 0xC032DE50
Shadow-MSM: initcall end 0xC032DE50
Shadow-MSM: initcall begin 0xC0335E10
Shadow-MSM: initcall end 0xC0335E10
Shadow-MSM: initcall begin 0xC033AA4C
Shadow-MSM: initcall end 0xC033AA4C
Shadow-MSM: initcall level end 0x00000003
Shadow-MSM: initcall level begin 0x00000004
Shadow-MSM: initcall begin 0xC03278F4
Shadow-MSM: initcall end 0xC03278F4
Shadow-MSM: initcall begin 0xC032BA38
Shadow-MSM: initcall end 0xC032BA38
Shadow-MSM: initcall begin 0xC032C0A0
Shadow-MSM: initcall end 0xC032C0A0
Shadow-MSM: initcall begin 0xC032C738
Shadow-MSM: initcall end 0xC032C738
Shadow-MSM: initcall begin 0xC032CE14
Shadow-MSM: initcall end 0xC032CE14
Shadow-MSM: initcall begin 0xC032EBF4
Shadow-MSM: initcall end 0xC032EBF4
Shadow-MSM: initcall begin 0xC032EF1C
Shadow-MSM: initcall end 0xC032EF1C
Shadow-MSM: initcall begin 0xC032F18C
Shadow-MSM: initcall end 0xC032F18C
Shadow-MSM: initcall begin 0xC032FE9C
Shadow-MSM: initcall end 0xC032FE9C
Shadow-MSM: initcall begin 0xC033FBE4
Shadow-MSM: initcall end 0xC033FBE4
Shadow-MSM: initcall begin 0xC00969A4
Shadow-MSM: initcall end 0xC00969A4
Shadow-MSM: initcall begin 0xC0096974
Shadow-MSM: initcall end 0xC0096974
Shadow-MSM: initcall begin 0xC0335DD4
Shadow-MSM: initcall end 0xC0335DD4
Shadow-MSM: initcall begin 0xC0335E1C
Shadow-MSM: initcall end 0xC0335E1C
Shadow-MSM: initcall begin 0xC0335E28
Shadow-MSM: initcall end 0xC0335E28
Shadow-MSM: initcall begin 0xC0335E8C
Shadow-MSM: initcall end 0xC0335E8C
Shadow-MSM: initcall begin 0xC0335E9C
Shadow-MSM: initcall end 0xC0335E9C
Shadow-MSM: initcall begin 0xC0335EA8
Shadow-MSM: initcall end 0xC0335EA8
Shadow-MSM: initcall begin 0xC0335EB4
Shadow-MSM: initcall end 0xC0335EB4
Shadow-MSM: initcall begin 0xC0335EC4
Shadow-MSM: initcall end 0xC0335EC4
Shadow-MSM: initcall begin 0xC0335F24
Shadow-MSM: initcall end 0xC0335F24
Shadow-MSM: initcall begin 0xC0335F34
Shadow-MSM: initcall end 0xC0335F34
Shadow-MSM: initcall begin 0xC0335F40
Shadow-MSM: initcall end 0xC0335F40
Shadow-MSM: initcall begin 0xC0335F80
Shadow-MSM: initcall end 0xC0335F80
Shadow-MSM: initcall begin 0xC0335F8C
Shadow-MSM: initcall end 0xC0335F8C
Shadow-MSM: initcall begin 0xC0335FC8
Shadow-MSM: initcall end 0xC0335FC8
Shadow-MSM: initcall begin 0xC0336004
Shadow-MSM: initcall end 0xC0336004
Shadow-MSM: initcall begin 0xC0336010
Shadow-MSM: initcall end 0xC0336010
Shadow-MSM: initcall begin 0xC03361E4
Shadow-MSM: initcall end 0xC03361E4
Shadow-MSM: initcall begin 0xC033663C
Shadow-MSM: initcall end 0xC033663C
Shadow-MSM: initcall begin 0xC0336670
Shadow-MSM: initcall end 0xC0336670
Shadow-MSM: initcall begin 0xC03366A8
Shadow-MSM: initcall end 0xC03366A8
Shadow-MSM: initcall begin 0xC0337288
Shadow-MSM: initcall end 0xC0337288
Shadow-MSM: initcall begin 0xC0338CDC
Shadow-MSM: initcall end 0xC0338CDC
Shadow-MSM: initcall begin 0xC033989C
Shadow-MSM: initcall end 0xC033989C
Shadow-MSM: initcall begin 0xC0339944
Shadow-MSM: initcall end 0xC0339944
Shadow-MSM: initcall begin 0xC03399A0
Shadow-MSM: initcall end 0xC03399A0
Shadow-MSM: initcall begin 0xC0339ACC
Shadow-MSM: initcall end 0xC0339ACC
Shadow-MSM: initcall begin 0xC0339C38
Shadow-MSM: initcall end 0xC0339C38
Shadow-MSM: initcall begin 0xC0339C80
Shadow-MSM: initcall end 0xC0339C80
Shadow-MSM: initcall begin 0xC024AEAC
Shadow-MSM: initcall end 0xC024AEAC
Shadow-MSM: initcall begin 0xC033CC68
Shadow-MSM: initcall end 0xC033CC68
Shadow-MSM: initcall begin 0xC033FBD0
Shadow-MSM: initcall end 0xC033FBD0
Shadow-MSM: initcall begin 0xC0339DA0
Shadow-MSM: initcall end 0xC0339DA0
Shadow-MSM: initcall level end 0x00000004
Shadow-MSM: initcall level begin 0x00000005
Shadow-MSM: initcall begin 0xC0327918
Shadow-MSM: initcall end 0xC0327918
Shadow-MSM: initcall begin 0xC032AEE0
Shadow-MSM: initcall end 0xC032AEE0
Shadow-MSM: initcall begin 0xC032B638
Shadow-MSM: initcall end 0xC032B638
Shadow-MSM: initcall begin 0xC032E294
Shadow-MSM: initcall end 0xC032E294
Shadow-MSM: initcall begin 0xC0333B20
Shadow-MSM: initcall end 0xC0333B20
Shadow-MSM: initcall begin 0xC0333C18
Shadow-MSM: initcall end 0xC0333C18
Shadow-MSM: initcall begin 0xC0333C40
Shadow-MSM: initcall end 0xC0333C40
Shadow-MSM: initcall begin 0xC0333CA4
Shadow-MSM: initcall end 0xC0333CA4
Shadow-MSM: initcall begin 0xC0333D08
Shadow-MSM: initcall end 0xC0333D08
Shadow-MSM: initcall begin 0xC0334094
Shadow-MSM: initcall end 0xC0334094
Shadow-MSM: initcall begin 0xC0334D84
Shadow-MSM: initcall end 0xC0334D84
Shadow-MSM: initcall begin 0xC0334E7C
Shadow-MSM: initcall end 0xC0334E7C
Shadow-MSM: initcall begin 0xC0334F90
Shadow-MSM: initcall end 0xC0334F90
Shadow-MSM: initcall begin 0xC03350B8
Shadow-MSM: initcall end 0xC03350B8
Shadow-MSM: initcall begin 0xC03351A0
Shadow-MSM: initcall end 0xC03351A0
Shadow-MSM: initcall begin 0xC0335408
Shadow-MSM: initcall end 0xC0335408
Shadow-MSM: initcall begin 0xC033543C
Shadow-MSM: initcall end 0xC033543C
Shadow-MSM: initcall begin 0xC0335474
Shadow-MSM: initcall end 0xC0335474
Shadow-MSM: initcall begin 0xC033549C
Shadow-MSM: initcall end 0xC033549C
Shadow-MSM: initcall begin 0xC03354E0
Shadow-MSM: initcall end 0xC03354E0
Shadow-MSM: initcall begin 0xC0335518
Shadow-MSM: initcall end 0xC0335518
Shadow-MSM: initcall begin 0xC0335558
Shadow-MSM: initcall end 0xC0335558
Shadow-MSM: initcall begin 0xC0335598
Shadow-MSM: initcall end 0xC0335598
Shadow-MSM: initcall begin 0xC03355C0
Shadow-MSM: initcall end 0xC03355C0
Shadow-MSM: initcall begin 0xC0335600
Shadow-MSM: initcall end 0xC0335600
Shadow-MSM: initcall begin 0xC0335640
Shadow-MSM: initcall end 0xC0335640
Shadow-MSM: initcall begin 0xC0335704
Shadow-MSM: initcall end 0xC0335704
Shadow-MSM: initcall begin 0xC033572C
Shadow-MSM: initcall end 0xC033572C
Shadow-MSM: initcall begin 0xC033598C
Shadow-MSM: initcall end 0xC033598C
Shadow-MSM: initcall begin 0xC033897C
Shadow-MSM: initcall end 0xC033897C
Shadow-MSM: initcall begin 0xC0338DB0
Shadow-MSM: initcall end 0xC0338DB0
Shadow-MSM: initcall begin 0xC03397A4
Shadow-MSM: initcall end 0xC03397A4
Shadow-MSM: initcall begin 0xC032770C
Shadow-MSM: initcall end 0xC032770C
Shadow-MSM: initcall level end 0x00000005
Shadow-MSM: initcall level begin 0x00000006
Shadow-MSM: initcall begin 0xC032B2E8
Shadow-MSM: initcall end 0xC032B2E8
Shadow-MSM: initcall begin 0xC032B31C
Shadow-MSM: initcall end 0xC032B31C
Shadow-MSM: initcall begin 0xC032B5D4
Shadow-MSM: initcall end 0xC032B5D4
Shadow-MSM: initcall begin 0xC032DA0C
Shadow-MSM: initcall end 0xC032DA0C
Shadow-MSM: initcall begin 0xC032DEE8
Shadow-MSM: initcall end 0xC032DEE8
Shadow-MSM: initcall begin 0xC032E1DC
Shadow-MSM: initcall end 0xC032E1DC
Shadow-MSM: initcall begin 0xC032E2F8
Shadow-MSM: initcall end 0xC032E2F8
Shadow-MSM: initcall begin 0xC032E338
Shadow-MSM: initcall end 0xC032E338
Shadow-MSM: initcall begin 0xC032E39C
Shadow-MSM: initcall end 0xC032E39C
Shadow-MSM: initcall begin 0xC032E3D8
Shadow-MSM: initcall end 0xC032E3D8
Shadow-MSM: initcall begin 0xC032E440
Shadow-MSM: initcall end 0xC032E440
Shadow-MSM: initcall begin 0xC032E848
Shadow-MSM: initcall end 0xC032E848
Shadow-MSM: initcall begin 0xC032E8B0
Shadow-MSM: initcall end 0xC032E8B0
Shadow-MSM: initcall begin 0xC032E8EC
Shadow-MSM: initcall end 0xC032E8EC
Shadow-MSM: initcall begin 0xC032E91C
Shadow-MSM: initcall end 0xC032E91C
Shadow-MSM: initcall begin 0xC032E93C
Shadow-MSM: initcall end 0xC032E93C
Shadow-MSM: initcall begin 0xC032EAD8
Shadow-MSM: initcall end 0xC032EAD8
Shadow-MSM: initcall begin 0xC032ECF8
Shadow-MSM: initcall end 0xC032ECF8
Shadow-MSM: initcall begin 0xC032EDA8
Shadow-MSM: initcall end 0xC032EDA8
Shadow-MSM: initcall begin 0xC032FC1C
Shadow-MSM: initcall end 0xC032FC1C
Shadow-MSM: initcall begin 0xC032FEF8
Shadow-MSM: initcall end 0xC032FEF8
Shadow-MSM: initcall begin 0xC0330104
Shadow-MSM: initcall end 0xC0330104
Shadow-MSM: initcall begin 0xC0331D60
Shadow-MSM: initcall end 0xC0331D60
Shadow-MSM: initcall begin 0xC03329CC
Shadow-MSM: initcall end 0xC03329CC
Shadow-MSM: initcall begin 0xC0332A2C
Shadow-MSM: initcall end 0xC0332A2C
Shadow-MSM: initcall begin 0xC0333CCC
Shadow-MSM: initcall end 0xC0333CCC
Shadow-MSM: initcall begin 0xC0333F68
Shadow-MSM: initcall end 0xC0333F68
Shadow-MSM: initcall begin 0xC033433C
Shadow-MSM: initcall end 0xC033433C
Shadow-MSM: initcall begin 0xC0334CE4
Shadow-MSM: initcall end 0xC0334CE4
Shadow-MSM: initcall begin 0xC0334FF4
Shadow-MSM: initcall end 0xC0334FF4
Shadow-MSM: initcall begin 0xC0335930
Shadow-MSM: initcall end 0xC0335930
Shadow-MSM: initcall begin 0xC033595C
Shadow-MSM: initcall end 0xC033595C
Shadow-MSM: initcall begin 0xC0335998
Shadow-MSM: initcall end 0xC0335998
Shadow-MSM: initcall begin 0xC03359A8
Shadow-MSM: initcall end 0xC03359A8
Shadow-MSM: initcall begin 0xC03359B8
Shadow-MSM: initcall end 0xC03359B8
Shadow-MSM: initcall begin 0xC03359C8
Shadow-MSM: initcall end 0xC03359C8
Shadow-MSM: initcall begin 0xC03359D8
Shadow-MSM: initcall end 0xC03359D8
Shadow-MSM: initcall begin 0xC0335BE0
Shadow-MSM: initcall end 0xC0335BE0
Shadow-MSM: initcall begin 0xC033604C
Shadow-MSM: initcall end 0xC033604C
Shadow-MSM: initcall begin 0xC03360F8
Shadow-MSM: initcall end 0xC03360F8
Shadow-MSM: initcall begin 0xC0336110
Shadow-MSM: initcall end 0xC0336110
Shadow-MSM: initcall begin 0xC0336234
Shadow-MSM: initcall end 0xC0336234
Shadow-MSM: initcall begin 0xC033623C
Shadow-MSM: initcall end 0xC033623C
Shadow-MSM: initcall begin 0xC0336400
Shadow-MSM: initcall end 0xC0336400
Shadow-MSM: initcall begin 0xC0336410
Shadow-MSM: initcall end 0xC0336410
Shadow-MSM: initcall begin 0xC0336538
Shadow-MSM: initcall end 0xC0336538
Shadow-MSM: initcall begin 0xC03366BC
Shadow-MSM: initcall end 0xC03366BC
Shadow-MSM: initcall begin 0xC03366CC
Shadow-MSM: initcall end 0xC03366CC
Shadow-MSM: initcall begin 0xC0336D68
Shadow-MSM: initcall end 0xC0336D68
Shadow-MSM: initcall begin 0xC0336D7C
Shadow-MSM: initcall end 0xC0336D7C
Shadow-MSM: initcall begin 0xC0336D90
Shadow-MSM: initcall end 0xC0336D90
Shadow-MSM: initcall begin 0xC03370F8
Shadow-MSM: initcall end 0xC03370F8
Shadow-MSM: initcall begin 0xC0337298
Shadow-MSM: initcall end 0xC0337298
Shadow-MSM: initcall begin 0xC0337410
Shadow-MSM: initcall end 0xC0337410
Shadow-MSM: initcall begin 0xC033742C
Shadow-MSM: initcall end 0xC033742C
Shadow-MSM: initcall begin 0xC03377D4
Shadow-MSM: initcall end 0xC03377D4
Shadow-MSM: initcall begin 0xC03385B4
Shadow-MSM: initcall end 0xC03385B4
Shadow-MSM: initcall begin 0xC033895C
Shadow-MSM: initcall end 0xC033895C
Shadow-MSM: initcall begin 0xC033896C
Shadow-MSM: initcall end 0xC033896C
Shadow-MSM: initcall begin 0xC0338A54
Shadow-MSM: initcall end 0xC0338A54
Shadow-MSM: initcall begin 0xC0338E38
Shadow-MSM: initcall end 0xC0338E38
Shadow-MSM: initcall begin 0xC03393E4
Shadow-MSM: initcall end 0xC03393E4
Shadow-MSM: initcall begin 0xC0339454
Shadow-MSM: initcall end 0xC0339454
Shadow-MSM: initcall begin 0xC033987C
Shadow-MSM: initcall end 0xC033987C
Shadow-MSM: initcall begin 0xC0339974
Shadow-MSM: initcall end 0xC0339974
Shadow-MSM: initcall begin 0xC0339A98
Shadow-MSM: initcall end 0xC0339A98
Shadow-MSM: initcall begin 0xC0339AA4
Shadow-MSM: initcall end 0xC0339AA4
Shadow-MSM: initcall begin 0xC0339B7C
Shadow-MSM: initcall end 0xC0339B7C
Shadow-MSM: initcall begin 0xC0339B8C
Shadow-MSM: initcall end 0xC0339B8C
Shadow-MSM: initcall begin 0xC033A484
Shadow-MSM: /dev/shadowtrace process bridge registered
Shadow-MSM: hardware ZTE K3765-Z / Qualcomm MSM6290
Shadow-MSM: CPU MIDR 0x41069265
Shadow-MSM: physical RAM window 0x00000000-0x01FFFFFF
Shadow-MSM: initcall end 0xC033A484
Shadow-MSM: initcall begin 0xC033A71C
Shadow-MSM: initcall end 0xC033A71C
Shadow-MSM: initcall begin 0xC033A770
Shadow-MSM: initcall end 0xC033A770
Shadow-MSM: initcall begin 0xC033A788
Shadow-MSM: initcall end 0xC033A788
Shadow-MSM: initcall begin 0xC033A7A0
Shadow-MSM: initcall end 0xC033A7A0
Shadow-MSM: initcall begin 0xC033A7B8
Shadow-MSM: initcall end 0xC033A7B8
Shadow-MSM: initcall begin 0xC033A7D0
Shadow-MSM: initcall end 0xC033A7D0
Shadow-MSM: initcall begin 0xC033A7E8
Shadow-MSM: initcall end 0xC033A7E8
Shadow-MSM: initcall begin 0xC033A800
Shadow-MSM: initcall end 0xC033A800
Shadow-MSM: initcall begin 0xC033A818
Shadow-MSM: initcall end 0xC033A818
Shadow-MSM: initcall begin 0xC033A830
Shadow-MSM: initcall end 0xC033A830
Shadow-MSM: initcall begin 0xC033A848
Shadow-MSM: initcall end 0xC033A848
Shadow-MSM: initcall begin 0xC033A860
Shadow-MSM: initcall end 0xC033A860
Shadow-MSM: initcall begin 0xC033A878
Shadow-MSM: initcall end 0xC033A878
Shadow-MSM: initcall begin 0xC033A890
Shadow-MSM: initcall end 0xC033A890
Shadow-MSM: initcall begin 0xC033A8A8
Shadow-MSM: initcall end 0xC033A8A8
Shadow-MSM: initcall begin 0xC033A8C0
Shadow-MSM: initcall end 0xC033A8C0
Shadow-MSM: initcall begin 0xC033A8D8
Shadow-MSM: initcall end 0xC033A8D8
Shadow-MSM: initcall begin 0xC033A8F0
Shadow-MSM: initcall end 0xC033A8F0
Shadow-MSM: initcall begin 0xC033A908
Shadow-MSM: initcall end 0xC033A908
Shadow-MSM: initcall begin 0xC033A920
Shadow-MSM: initcall end 0xC033A920
Shadow-MSM: initcall begin 0xC033A938
Shadow-MSM: initcall end 0xC033A938
Shadow-MSM: initcall begin 0xC033A950
Shadow-MSM: initcall end 0xC033A950
Shadow-MSM: initcall begin 0xC033CC64
Shadow-MSM: initcall end 0xC033CC64
Shadow-MSM: initcall level end 0x00000006
Shadow-MSM: initcall level begin 0x00000007
Shadow-MSM: initcall begin 0xC032655C
Shadow-MSM: initcall end 0xC032655C
Shadow-MSM: initcall begin 0xC032793C
Shadow-MSM: initcall end 0xC032793C
Shadow-MSM: initcall begin 0xC032C6CC
Shadow-MSM: initcall end 0xC032C6CC
Shadow-MSM: initcall begin 0xC032C7F0
Shadow-MSM: initcall end 0xC032C7F0
Shadow-MSM: initcall begin 0xC032CB40
Shadow-MSM: initcall end 0xC032CB40
Shadow-MSM: initcall begin 0xC032CBF0
Shadow-MSM: initcall end 0xC032CBF0
Shadow-MSM: initcall begin 0xC032CBC8
Shadow-MSM: initcall end 0xC032CBC8
Shadow-MSM: initcall begin 0xC032CCB8
Shadow-MSM: initcall end 0xC032CCB8
Shadow-MSM: initcall begin 0xC032CCF4
Shadow-MSM: initcall end 0xC032CCF4
Shadow-MSM: initcall begin 0xC032D540
Shadow-MSM: initcall end 0xC032D540
Shadow-MSM: initcall begin 0xC032E754
Shadow-MSM: initcall end 0xC032E754
Shadow-MSM: initcall begin 0xC032EB58
Shadow-MSM: initcall end 0xC032EB58
Shadow-MSM: initcall begin 0xC032FFE8
Shadow-MSM: initcall end 0xC032FFE8
Shadow-MSM: initcall begin 0xC0332FCC
Shadow-MSM: initcall end 0xC0332FCC
Shadow-MSM: initcall begin 0xC0335BD4
Shadow-MSM: initcall end 0xC0335BD4
Shadow-MSM: initcall begin 0xC0335C80
Shadow-MSM: initcall end 0xC0335C80
Shadow-MSM: initcall begin 0xC0336888
Shadow-MSM: initcall end 0xC0336888
Shadow-MSM: initcall begin 0xC01F4C20
Shadow-MSM: initcall end 0xC01F4C20
Shadow-MSM: initcall begin 0xC01F9350
Shadow-MSM: initcall end 0xC01F9350
Shadow-MSM: initcall begin 0xC0339ABC
Shadow-MSM: initcall end 0xC0339ABC
Shadow-MSM: initcall begin 0xC033AB80
Shadow-MSM: initcall end 0xC033AB80
Shadow-MSM: initcall begin 0xC0336A5C
Shadow-MSM: initcall end 0xC0336A5C
Shadow-MSM: initcall begin 0xC0337108
Shadow-MSM: initcall end 0xC0337108
Shadow-MSM: initcall begin 0xC033AA3C
Shadow-MSM: initcall end 0xC033AA3C
Shadow-MSM: initcall level end 0x00000007
Shadow-MSM: initcalls completed
Shadow-MSM: do_basic_setup completed
Shadow-MSM: built-in KUnit phase completed
Shadow-MSM: waiting for initramfs
Shadow-MSM: initramfs wait completed
Shadow-MSM: rootfs console setup completed
Shadow-MSM: integrity keys loaded
Shadow-MSM: kernel_init_freeable completed
Shadow-MSM: async init synchronized
Shadow-MSM: init-only services detached
Shadow-MSM: init memory released
Shadow-MSM: read-only mappings finalized
Shadow-MSM: page-table isolation finalized
Shadow-MSM: system state is running
Shadow-MSM: in-kernel boot phase ended
Shadow-MSM: boot sysctl arguments applied
Shadow-MSM: executing built-in /init
Transport disconnected after handoff: GetOverlappedResult failed (PermissionError(13, 'A device attached to the system is not functioning.', None, 31))
