K3765-Z BL1 0.4 direct Linux Image boot
Mode  : validated non-returning Image handoff
Flash : untouched; RAM execution only
Input images
Image size     : 
0x003739B0
DTB size       : 
0x0000037B
Host marker     : 
0x494D4731
Image fingerprints and DTB validation
Image sparse fingerprints: PASS
DTB magic      : 
0xEDFE0DD0
DTB total size : 
0x0000037B
Linux entry state
CPSR            : 
0x200000D3
SCTLR           : 
0x00051078
PC              : 
0x00208000
r0              : 
0x00000000
r1              : 
0xFFFFFFFF
r2              : 
0x01F80000
Validation PASS
LED checkpoint  : blue
JUMPING DIRECTLY TO DECOMPRESSED LINUX IMAGE
Shadow-MSM: entered decompressed Linux head.S
Shadow-MSM: ARM926 processor lookup passed
Shadow-MSM: initial page tables created
Shadow-MSM: calling ARM926 processor setup
Shadow-MSM: entered ARM926 setup
Shadow-MSM: ARM926 cache invalidate returned
Shadow-MSM: ARM926 TLB invalidate returned
Shadow-MSM: ARM926 control word ready
Shadow-MSM: ARM926 setup returned; enabling MMU next
Shadow-MSM: MMU enabled; identity execution continues
Shadow-MSM: entered __mmap_switched at the kernel virtual address
Shadow-MSM: __mmap_switched cleared BSS
Shadow-MSM: branching to start_kernel
Shadow-MSM: entered start_kernel C code
Shadow-MSM: initial task stack is ready
Shadow-MSM: processor ID setup completed
Shadow-MSM: earliest generic initialization completed
Shadow-MSM: entering ARM setup_arch
Shadow-MSM: entered setup_arch
Shadow-MSM: setup_processor completed
Shadow-MSM: device-tree machine selected
Shadow-MSM: early_mm_init completed
Shadow-MSM: ARM memblock initialization completed
Shadow-MSM: entering paging_init
Shadow-MSM: low bootstrap identity mappings retained
Shadow-MSM: map_lowmem completed
Shadow-MSM: permanent kernel mappings completed
Shadow-MSM: DMA contiguous remap completed
Shadow-MSM: early fixmap shutdown completed
Shadow-MSM: vector pages allocated
Shadow-MSM: early trap vectors initialized
Shadow-MSM: temporary vmalloc mappings cleared
Shadow-MSM: static device mappings completed
Shadow-MSM: PCI I/O reservation completed
Shadow-MSM: device-map TLB flush completed
Shadow-MSM: device-map cache flush completed
Shadow-MSM: asynchronous aborts enabled
Shadow-MSM: ARM device mappings completed
Shadow-MSM: permanent kmap tables completed
Shadow-MSM: TCM initialization completed
Shadow-MSM: zero page allocated
Shadow-MSM: bootmem_init completed
Shadow-MSM: leaving paging_init
Shadow-MSM: paging_init completed
Shadow-MSM: setup_arch returned to start_kernel
Shadow-MSM: boot configuration completed
Shadow-MSM: command line storage completed
Shadow-MSM: CPU ID limits completed
Shadow-MSM: per-CPU areas completed
Shadow-MSM: boot CPU preparation completed
Shadow-MSM: boot CPU hotplug state completed
Shadow-MSM: initial zone lists completed
Shadow-MSM: page allocator initialization completed
Shadow-MSM: entering jump-label initialization
Shadow-MSM: jump-label initialization completed
Shadow-MSM: early parameters parsed
Shadow-MSM: kernel arguments parsed
Shadow-MSM: early random initialization completed
Shadow-MSM: kernel log buffer completed
Shadow-MSM: early VFS caches completed
Shadow-MSM: exception table sorting completed
Shadow-MSM: generic trap initialization completed
Shadow-MSM: generic memory management completed
Shadow-MSM: function tracing initialization completed
Shadow-MSM: early trace infrastructure completed
Shadow-MSM: scheduler initialization completed
Shadow-MSM: radix tree initialization completed
Shadow-MSM: maple tree initialization completed
Shadow-MSM: housekeeping initialization completed
Shadow-MSM: early workqueue initialization completed
Shadow-MSM: RCU initialization completed
Shadow-MSM: trace event initialization completed
Shadow-MSM: context tracking initialization completed
Shadow-MSM: early IRQ initialization completed
Shadow-MSM: entering platform IRQ initialization
Shadow-MSM: MSM6290 timer IRQ route registered
Shadow-MSM: platform IRQ initialization completed
Shadow-MSM: tick initialization completed
Shadow-MSM: no-HZ RCU initialization completed
Shadow-MSM: timer core initialization completed
Shadow-MSM: SRCU initialization completed
Shadow-MSM: high-resolution timer initialization completed
Shadow-MSM: softirq initialization completed
Shadow-MSM: timekeeping initialization completed
Shadow-MSM: entering platform time initialization
Shadow-MSM: MSM6290 32.768-kHz clockevent registered
Shadow-MSM: platform time initialization completed
Shadow-MSM: random subsystem initialization completed
Shadow-MSM: KFENCE initialization completed
Shadow-MSM: boot stack canary initialized
Shadow-MSM: performance events initialized
Shadow-MSM: profiling initialized
Shadow-MSM: cross-CPU call infrastructure initialized
Shadow-MSM: enabling CPU interrupts
Shadow-MSM: CPU interrupts enabled
Shadow-MSM: late slab initialization completed
Shadow-MSM: entering console initialization
Shadow-MSM: console initialization completed
Shadow-MSM: lock dependency initialization completed
Shadow-MSM: locking self-test completed
Shadow-MSM: memory encryption hook completed
Shadow-MSM: per-CPU page sets initialized
Shadow-MSM: NUMA policy initialization completed
Shadow-MSM: early ACPI hook completed
Shadow-MSM: late platform time hook completed
Shadow-MSM: scheduler clock initialization completed
Shadow-MSM: entering delay-loop calibration
Shadow-MSM: delay-loop calibration completed
Shadow-MSM: PID and anonymous VMA initialization completed
Shadow-MSM: task and process caches initialized
Shadow-MSM: namespace, key, and security initialization completed
Shadow-MSM: VFS, page cache, signal, and seq-file initialization completed
Shadow-MSM: proc, namespace FS, cpuset, and cgroup initialization completed
Shadow-MSM: late generic initialization completed
Shadow-MSM: entering arch_call_rest_init
Shadow-MSM: entered rest_init
Shadow-MSM: RCU scheduler started
Shadow-MSM: PID 1 task created
Shadow-MSM: kthreadd task created
Shadow-MSM: kthreadd completion signalled
Shadow-MSM: entering first schedule
Shadow-MSM: PID 1 reached kernel_init
Shadow-MSM: entering kernel_init_freeable
Shadow-MSM: PID 1 enabled blocking allocations
Shadow-MSM: PID 1 memory policy initialized
Shadow-MSM: CAD PID reference captured
Shadow-MSM: entering smp_prepare_cpus
Shadow-MSM: smp_prepare_cpus completed
Shadow-MSM: entering workqueue_init
Shadow-MSM: workqueue_init completed
Shadow-MSM: memory-management internals initialized
Shadow-MSM: task RCU initialized
Shadow-MSM: entering pre-SMP initcalls
Shadow-MSM: initcall begin 0xC0327608
Shadow-MSM: initcall end 0xC0327608
Shadow-MSM: initcall begin 0xC000CFF0
Shadow-MSM: initcall end 0xC000CFF0
Shadow-MSM: initcall begin 0xC03285D8
Shadow-MSM: initcall end 0xC03285D8
Shadow-MSM: initcall begin 0xC032A53C
Shadow-MSM: initcall end 0xC032A53C
Shadow-MSM: initcall begin 0xC032D934
Shadow-MSM: initcall end 0xC032D934
Shadow-MSM: initcall begin 0xC032EFA8
Shadow-MSM: initcall end 0xC032EFA8
Shadow-MSM: initcall begin 0xC0332E70
Shadow-MSM: initcall end 0xC0332E70
Shadow-MSM: initcall begin 0xC0334090
Shadow-MSM: initcall end 0xC0334090
Shadow-MSM: pre-SMP initcalls completed
Shadow-MSM: lockup detector initialized
Shadow-MSM: entering smp_init
Shadow-MSM: smp_init completed
Shadow-MSM: SMP scheduler initialized
Shadow-MSM: padata initialized
Shadow-MSM: late page allocator initialized
Shadow-MSM: page extensions initialized
Shadow-MSM: entering do_basic_setup
Shadow-MSM: entering cpuset_init_smp
Shadow-MSM: cpuset_init_smp completed
Shadow-MSM: entering driver_init
Shadow-MSM: driver_init completed
Shadow-MSM: entering init_irq_proc
Shadow-MSM: init_irq_proc completed
Shadow-MSM: entering constructors
Shadow-MSM: constructors completed
Shadow-MSM: entering initcalls
Shadow-MSM: initcall level begin 0x00000000
Shadow-MSM: initcall begin 0xC0334C60
Shadow-MSM: initcall end 0xC0334C60
Shadow-MSM: initcall level end 0x00000000
Shadow-MSM: initcall level begin 0x00000001
Shadow-MSM: initcall begin 0xC0326898
Shadow-MSM: initcall end 0xC0326898
Shadow-MSM: initcall begin 0xC032AB34
Shadow-MSM: initcall end 0xC032AB34
Shadow-MSM: initcall begin 0xC032B480
Shadow-MSM: initcall end 0xC032B480
Shadow-MSM: initcall begin 0xC032BD2C
Shadow-MSM: initcall end 0xC032BD2C
Shadow-MSM: initcall begin 0xC032CA24
Shadow-MSM: initcall end 0xC032CA24
Shadow-MSM: initcall begin 0xC032D2D8
Shadow-MSM: initcall end 0xC032D2D8
Shadow-MSM: initcall begin 0xC032D788
Shadow-MSM: initcall end 0xC032D788
Shadow-MSM: initcall begin 0xC0060D6C
Shadow-MSM: initcall end 0xC0060D6C
Shadow-MSM: initcall begin 0xC0332510
Shadow-MSM: initcall end 0xC0332510
Shadow-MSM: initcall begin 0xC0333C8C
Shadow-MSM: initcall end 0xC0333C8C
Shadow-MSM: initcall begin 0xC03340F4
Shadow-MSM: initcall end 0xC03340F4
Shadow-MSM: initcall begin 0xC0334168
Shadow-MSM: initcall end 0xC0334168
Shadow-MSM: initcall begin 0xC0334184
Shadow-MSM: initcall end 0xC0334184
Shadow-MSM: initcall begin 0xC0334890
Shadow-MSM: initcall end 0xC0334890
Shadow-MSM: initcall begin 0xC0334A7C
Shadow-MSM: initcall end 0xC0334A7C
Shadow-MSM: initcall begin 0xC0335468
Shadow-MSM: initcall end 0xC0335468
Shadow-MSM: initcall begin 0xC0335548
Shadow-MSM: initcall end 0xC0335548
Shadow-MSM: initcall begin 0xC01BC4D8
Shadow-MSM: initcall end 0xC01BC4D8
Shadow-MSM: initcall begin 0xC0336158
Shadow-MSM: initcall end 0xC0336158
Shadow-MSM: initcall begin 0xC0337E48
Shadow-MSM: initcall end 0xC0337E48
Shadow-MSM: initcall begin 0xC0338ED4
Shadow-MSM: initcall end 0xC0338ED4
Shadow-MSM: initcall begin 0xC0338F50
Shadow-MSM: initcall end 0xC0338F50
Shadow-MSM: initcall begin 0xC0338F5C
Shadow-MSM: initcall end 0xC0338F5C
Shadow-MSM: initcall begin 0xC0338F68
Shadow-MSM: initcall end 0xC0338F68
Shadow-MSM: initcall level end 0x00000001
Shadow-MSM: initcall level begin 0x00000002
Shadow-MSM: initcall begin 0xC0328154
Shadow-MSM: initcall end 0xC0328154
Shadow-MSM: initcall begin 0xC032C740
Shadow-MSM: initcall end 0xC032C740
Shadow-MSM: initcall begin 0xC032DECC
Shadow-MSM: initcall end 0xC032DECC
Shadow-MSM: initcall begin 0xC032DF74
Shadow-MSM: initcall end 0xC032DF74
Shadow-MSM: initcall begin 0xC033EFA0
Shadow-MSM: initcall end 0xC033EFA0
Shadow-MSM: initcall begin 0xC033526C
Shadow-MSM: initcall end 0xC033526C
Shadow-MSM: initcall begin 0xC03356DC
Shadow-MSM: initcall end 0xC03356DC
Shadow-MSM: initcall begin 0xC0335734
Shadow-MSM: initcall end 0xC0335734
Shadow-MSM: initcall begin 0xC03362A8
Shadow-MSM: initcall end 0xC03362A8
Shadow-MSM: initcall begin 0xC0336A0C
Shadow-MSM: initcall end 0xC0336A0C
Shadow-MSM: initcall begin 0xC0337E70
Shadow-MSM: initcall end 0xC0337E70
Shadow-MSM: initcall begin 0xC0338490
Shadow-MSM: initcall end 0xC0338490
Shadow-MSM: initcall begin 0xC0338740
Shadow-MSM: initcall end 0xC0338740
Shadow-MSM: initcall begin 0xC0338774
Shadow-MSM: initcall end 0xC0338774
Shadow-MSM: initcall begin 0xC033885C
Shadow-MSM: initcall end 0xC033885C
Shadow-MSM: initcall begin 0xC033886C
Shadow-MSM: initcall end 0xC033886C
Shadow-MSM: initcall begin 0xC033888C
Shadow-MSM: initcall end 0xC033888C
Shadow-MSM: initcall begin 0xC0338CB4
Shadow-MSM: initcall end 0xC0338CB4
Shadow-MSM: initcall begin 0xC0338F94
Shadow-MSM: initcall end 0xC0338F94
Shadow-MSM: initcall begin 0xC0338FA8
Shadow-MSM: initcall end 0xC0338FA8
Shadow-MSM: initcall level end 0x00000002
Shadow-MSM: initcall level begin 0x00000003
Shadow-MSM: initcall begin 0xC032682C
Shadow-MSM: initcall end 0xC032682C
Shadow-MSM: initcall begin 0xC03268C4
Shadow-MSM: initcall end 0xC03268C4
Shadow-MSM: initcall begin 0xC0327E0C
Shadow-MSM: initcall end 0xC0327E0C
Shadow-MSM: initcall begin 0xC032CE50
Shadow-MSM: initcall end 0xC032CE50
Shadow-MSM: initcall begin 0xC0334E10
Shadow-MSM: initcall end 0xC0334E10
Shadow-MSM: initcall begin 0xC0339A4C
Shadow-MSM: initcall end 0xC0339A4C
Shadow-MSM: initcall level end 0x00000003
Shadow-MSM: initcall level begin 0x00000004
Shadow-MSM: initcall begin 0xC03268F4
Shadow-MSM: initcall end 0xC03268F4
Shadow-MSM: initcall begin 0xC032AA38
Shadow-MSM: initcall end 0xC032AA38
Shadow-MSM: initcall begin 0xC032B0A0
Shadow-MSM: initcall end 0xC032B0A0
Shadow-MSM: initcall begin 0xC032B738
Shadow-MSM: initcall end 0xC032B738
Shadow-MSM: initcall begin 0xC032BE14
Shadow-MSM: initcall end 0xC032BE14
Shadow-MSM: initcall begin 0xC032DBF4
Shadow-MSM: initcall end 0xC032DBF4
Shadow-MSM: initcall begin 0xC032DF1C
Shadow-MSM: initcall end 0xC032DF1C
Shadow-MSM: initcall begin 0xC032E18C
Shadow-MSM: initcall end 0xC032E18C
Shadow-MSM: initcall begin 0xC032EE9C
Shadow-MSM: initcall end 0xC032EE9C
Shadow-MSM: initcall begin 0xC033EBE4
Shadow-MSM: initcall end 0xC033EBE4
Shadow-MSM: initcall begin 0xC00964C4
Shadow-MSM: initcall end 0xC00964C4
Shadow-MSM: initcall begin 0xC0096494
Shadow-MSM: initcall end 0xC0096494
Shadow-MSM: initcall begin 0xC0334DD4
Shadow-MSM: initcall end 0xC0334DD4
Shadow-MSM: initcall begin 0xC0334E1C
Shadow-MSM: initcall end 0xC0334E1C
Shadow-MSM: initcall begin 0xC0334E28
Shadow-MSM: initcall end 0xC0334E28
Shadow-MSM: initcall begin 0xC0334E8C
Shadow-MSM: initcall end 0xC0334E8C
Shadow-MSM: initcall begin 0xC0334E9C
Shadow-MSM: initcall end 0xC0334E9C
Shadow-MSM: initcall begin 0xC0334EA8
Shadow-MSM: initcall end 0xC0334EA8
Shadow-MSM: initcall begin 0xC0334EB4
Shadow-MSM: initcall end 0xC0334EB4
Shadow-MSM: initcall begin 0xC0334EC4
Shadow-MSM: initcall end 0xC0334EC4
Shadow-MSM: initcall begin 0xC0334F24
Shadow-MSM: initcall end 0xC0334F24
Shadow-MSM: initcall begin 0xC0334F34
Shadow-MSM: initcall end 0xC0334F34
Shadow-MSM: initcall begin 0xC0334F40
Shadow-MSM: initcall end 0xC0334F40
Shadow-MSM: initcall begin 0xC0334F80
Shadow-MSM: initcall end 0xC0334F80
Shadow-MSM: initcall begin 0xC0334F8C
Shadow-MSM: initcall end 0xC0334F8C
Shadow-MSM: initcall begin 0xC0334FC8
Shadow-MSM: initcall end 0xC0334FC8
Shadow-MSM: initcall begin 0xC0335004
Shadow-MSM: initcall end 0xC0335004
Shadow-MSM: initcall begin 0xC0335010
Shadow-MSM: initcall end 0xC0335010
Shadow-MSM: initcall begin 0xC03351E4
Shadow-MSM: initcall end 0xC03351E4
Shadow-MSM: initcall begin 0xC033563C
Shadow-MSM: initcall end 0xC033563C
Shadow-MSM: initcall begin 0xC0335670
Shadow-MSM: initcall end 0xC0335670
Shadow-MSM: initcall begin 0xC03356A8
Shadow-MSM: initcall end 0xC03356A8
Shadow-MSM: initcall begin 0xC0336288
Shadow-MSM: initcall end 0xC0336288
Shadow-MSM: initcall begin 0xC0337CDC
Shadow-MSM: initcall end 0xC0337CDC
Shadow-MSM: initcall begin 0xC033889C
Shadow-MSM: initcall end 0xC033889C
Shadow-MSM: initcall begin 0xC0338944
Shadow-MSM: initcall end 0xC0338944
Shadow-MSM: initcall begin 0xC03389A0
Shadow-MSM: initcall end 0xC03389A0
Shadow-MSM: initcall begin 0xC0338ACC
Shadow-MSM: initcall end 0xC0338ACC
Shadow-MSM: initcall begin 0xC0338C38
Shadow-MSM: initcall end 0xC0338C38
Shadow-MSM: initcall begin 0xC0338C80
Shadow-MSM: initcall end 0xC0338C80
Shadow-MSM: initcall begin 0xC024A9CC
Shadow-MSM: initcall end 0xC024A9CC
Shadow-MSM: initcall begin 0xC033BC68
Shadow-MSM: initcall end 0xC033BC68
Shadow-MSM: initcall begin 0xC033EBD0
Shadow-MSM: initcall end 0xC033EBD0
Shadow-MSM: initcall begin 0xC0338DA0
Shadow-MSM: initcall end 0xC0338DA0
Shadow-MSM: initcall level end 0x00000004
Shadow-MSM: initcall level begin 0x00000005
Shadow-MSM: initcall begin 0xC0326918
Shadow-MSM: initcall end 0xC0326918
Shadow-MSM: initcall begin 0xC0329EE0
Shadow-MSM: initcall end 0xC0329EE0
Shadow-MSM: initcall begin 0xC032A638
Shadow-MSM: initcall end 0xC032A638
Shadow-MSM: initcall begin 0xC032D294
Shadow-MSM: initcall end 0xC032D294
Shadow-MSM: initcall begin 0xC0332B20
Shadow-MSM: initcall end 0xC0332B20
Shadow-MSM: initcall begin 0xC0332C18
Shadow-MSM: initcall end 0xC0332C18
Shadow-MSM: initcall begin 0xC0332C40
Shadow-MSM: initcall end 0xC0332C40
Shadow-MSM: initcall begin 0xC0332CA4
Shadow-MSM: initcall end 0xC0332CA4
Shadow-MSM: initcall begin 0xC0332D08
Shadow-MSM: initcall end 0xC0332D08
Shadow-MSM: initcall begin 0xC0333094
Shadow-MSM: initcall end 0xC0333094
Shadow-MSM: initcall begin 0xC0333D84
Shadow-MSM: initcall end 0xC0333D84
Shadow-MSM: initcall begin 0xC0333E7C
Shadow-MSM: initcall end 0xC0333E7C
Shadow-MSM: initcall begin 0xC0333F90
Shadow-MSM: initcall end 0xC0333F90
Shadow-MSM: initcall begin 0xC03340B8
Shadow-MSM: initcall end 0xC03340B8
Shadow-MSM: initcall begin 0xC03341A0
Shadow-MSM: initcall end 0xC03341A0
Shadow-MSM: initcall begin 0xC0334408
Shadow-MSM: initcall end 0xC0334408
Shadow-MSM: initcall begin 0xC033443C
Shadow-MSM: initcall end 0xC033443C
Shadow-MSM: initcall begin 0xC0334474
Shadow-MSM: initcall end 0xC0334474
Shadow-MSM: initcall begin 0xC033449C
Shadow-MSM: initcall end 0xC033449C
Shadow-MSM: initcall begin 0xC03344E0
Shadow-MSM: initcall end 0xC03344E0
Shadow-MSM: initcall begin 0xC0334518
Shadow-MSM: initcall end 0xC0334518
Shadow-MSM: initcall begin 0xC0334558
Shadow-MSM: initcall end 0xC0334558
Shadow-MSM: initcall begin 0xC0334598
Shadow-MSM: initcall end 0xC0334598
Shadow-MSM: initcall begin 0xC03345C0
Shadow-MSM: initcall end 0xC03345C0
Shadow-MSM: initcall begin 0xC0334600
Shadow-MSM: initcall end 0xC0334600
Shadow-MSM: initcall begin 0xC0334640
Shadow-MSM: initcall end 0xC0334640
Shadow-MSM: initcall begin 0xC0334704
Shadow-MSM: initcall end 0xC0334704
Shadow-MSM: initcall begin 0xC033472C
Shadow-MSM: initcall end 0xC033472C
Shadow-MSM: initcall begin 0xC033498C
Shadow-MSM: initcall end 0xC033498C
Shadow-MSM: initcall begin 0xC033797C
Shadow-MSM: initcall end 0xC033797C
Shadow-MSM: initcall begin 0xC0337DB0
Shadow-MSM: initcall end 0xC0337DB0
Shadow-MSM: initcall begin 0xC03387A4
Shadow-MSM: initcall end 0xC03387A4
Shadow-MSM: initcall begin 0xC032670C
Shadow-MSM: initcall end 0xC032670C
Shadow-MSM: initcall level end 0x00000005
Shadow-MSM: initcall level begin 0x00000006
Shadow-MSM: initcall begin 0xC032A2E8
Shadow-MSM: initcall end 0xC032A2E8
Shadow-MSM: initcall begin 0xC032A31C
Shadow-MSM: initcall end 0xC032A31C
Shadow-MSM: initcall begin 0xC032A5D4
Shadow-MSM: initcall end 0xC032A5D4
Shadow-MSM: initcall begin 0xC032CA0C
Shadow-MSM: initcall end 0xC032CA0C
Shadow-MSM: initcall begin 0xC032CEE8
Shadow-MSM: initcall end 0xC032CEE8
Shadow-MSM: initcall begin 0xC032D1DC
Shadow-MSM: initcall end 0xC032D1DC
Shadow-MSM: initcall begin 0xC032D2F8
Shadow-MSM: initcall end 0xC032D2F8
Shadow-MSM: initcall begin 0xC032D338
Shadow-MSM: initcall end 0xC032D338
Shadow-MSM: initcall begin 0xC032D39C
Shadow-MSM: initcall end 0xC032D39C
Shadow-MSM: initcall begin 0xC032D3D8
Shadow-MSM: initcall end 0xC032D3D8
Shadow-MSM: initcall begin 0xC032D440
Shadow-MSM: initcall end 0xC032D440
Shadow-MSM: initcall begin 0xC032D848
Shadow-MSM: initcall end 0xC032D848
Shadow-MSM: initcall begin 0xC032D8B0
Shadow-MSM: initcall end 0xC032D8B0
Shadow-MSM: initcall begin 0xC032D8EC
Shadow-MSM: initcall end 0xC032D8EC
Shadow-MSM: initcall begin 0xC032D91C
Shadow-MSM: initcall end 0xC032D91C
Shadow-MSM: initcall begin 0xC032D93C
Shadow-MSM: initcall end 0xC032D93C
Shadow-MSM: initcall begin 0xC032DAD8
Shadow-MSM: initcall end 0xC032DAD8
Shadow-MSM: initcall begin 0xC032DCF8
Shadow-MSM: initcall end 0xC032DCF8
Shadow-MSM: initcall begin 0xC032DDA8
Shadow-MSM: initcall end 0xC032DDA8
Shadow-MSM: initcall begin 0xC032EC1C
Shadow-MSM: initcall end 0xC032EC1C
Shadow-MSM: initcall begin 0xC032EEF8
Shadow-MSM: initcall end 0xC032EEF8
Shadow-MSM: initcall begin 0xC032F104
Shadow-MSM: initcall end 0xC032F104
Shadow-MSM: initcall begin 0xC0330D60
Shadow-MSM: initcall end 0xC0330D60
Shadow-MSM: initcall begin 0xC03319CC
Shadow-MSM: initcall end 0xC03319CC
Shadow-MSM: initcall begin 0xC0331A2C
Shadow-MSM: initcall end 0xC0331A2C
Shadow-MSM: initcall begin 0xC0332CCC
Shadow-MSM: initcall end 0xC0332CCC
Shadow-MSM: initcall begin 0xC0332F68
Shadow-MSM: initcall end 0xC0332F68
Shadow-MSM: initcall begin 0xC033333C
Shadow-MSM: initcall end 0xC033333C
Shadow-MSM: initcall begin 0xC0333CE4
Shadow-MSM: initcall end 0xC0333CE4
Shadow-MSM: initcall begin 0xC0333FF4
Shadow-MSM: initcall end 0xC0333FF4
Shadow-MSM: initcall begin 0xC0334930
Shadow-MSM: initcall end 0xC0334930
Shadow-MSM: initcall begin 0xC033495C
Shadow-MSM: initcall end 0xC033495C
Shadow-MSM: initcall begin 0xC0334998
Shadow-MSM: initcall end 0xC0334998
Shadow-MSM: initcall begin 0xC03349A8
Shadow-MSM: initcall end 0xC03349A8
Shadow-MSM: initcall begin 0xC03349B8
Shadow-MSM: initcall end 0xC03349B8
Shadow-MSM: initcall begin 0xC03349C8
Shadow-MSM: initcall end 0xC03349C8
Shadow-MSM: initcall begin 0xC03349D8
Shadow-MSM: initcall end 0xC03349D8
Shadow-MSM: initcall begin 0xC0334BE0
Shadow-MSM: initcall end 0xC0334BE0
Shadow-MSM: initcall begin 0xC033504C
Shadow-MSM: initcall end 0xC033504C
Shadow-MSM: initcall begin 0xC03350F8
Shadow-MSM: initcall end 0xC03350F8
Shadow-MSM: initcall begin 0xC0335110
Shadow-MSM: initcall end 0xC0335110
Shadow-MSM: initcall begin 0xC0335234
Shadow-MSM: initcall end 0xC0335234
Shadow-MSM: initcall begin 0xC033523C
Shadow-MSM: initcall end 0xC033523C
Shadow-MSM: initcall begin 0xC0335400
Shadow-MSM: initcall end 0xC0335400
Shadow-MSM: initcall begin 0xC0335410
Shadow-MSM: initcall end 0xC0335410
Shadow-MSM: initcall begin 0xC0335538
Shadow-MSM: initcall end 0xC0335538
Shadow-MSM: initcall begin 0xC03356BC
Shadow-MSM: initcall end 0xC03356BC
Shadow-MSM: initcall begin 0xC03356CC
Shadow-MSM: initcall end 0xC03356CC
Shadow-MSM: initcall begin 0xC0335D68
Shadow-MSM: initcall end 0xC0335D68
Shadow-MSM: initcall begin 0xC0335D7C
Shadow-MSM: initcall end 0xC0335D7C
Shadow-MSM: initcall begin 0xC0335D90
Shadow-MSM: initcall end 0xC0335D90
Shadow-MSM: initcall begin 0xC03360F8
Shadow-MSM: initcall end 0xC03360F8
Shadow-MSM: initcall begin 0xC0336298
Shadow-MSM: initcall end 0xC0336298
Shadow-MSM: initcall begin 0xC0336410
Shadow-MSM: initcall end 0xC0336410
Shadow-MSM: initcall begin 0xC033642C
Shadow-MSM: initcall end 0xC033642C
Shadow-MSM: initcall begin 0xC03367D4
Shadow-MSM: initcall end 0xC03367D4
Shadow-MSM: initcall begin 0xC03375B4
Shadow-MSM: initcall end 0xC03375B4
Shadow-MSM: initcall begin 0xC033795C
Shadow-MSM: initcall end 0xC033795C
Shadow-MSM: initcall begin 0xC033796C
Shadow-MSM: initcall end 0xC033796C
Shadow-MSM: initcall begin 0xC0337A54
Shadow-MSM: initcall end 0xC0337A54
Shadow-MSM: initcall begin 0xC0337E38
Shadow-MSM: initcall end 0xC0337E38
Shadow-MSM: initcall begin 0xC03383E4
Shadow-MSM: initcall end 0xC03383E4
Shadow-MSM: initcall begin 0xC0338454
Shadow-MSM: initcall end 0xC0338454
Shadow-MSM: initcall begin 0xC033887C
Shadow-MSM: initcall end 0xC033887C
Shadow-MSM: initcall begin 0xC0338974
Shadow-MSM: initcall end 0xC0338974
Shadow-MSM: initcall begin 0xC0338A98
Shadow-MSM: initcall end 0xC0338A98
Shadow-MSM: initcall begin 0xC0338AA4
Shadow-MSM: initcall end 0xC0338AA4
Shadow-MSM: initcall begin 0xC0338B7C
Shadow-MSM: initcall end 0xC0338B7C
Shadow-MSM: initcall begin 0xC0338B8C
Shadow-MSM: initcall end 0xC0338B8C
Shadow-MSM: initcall begin 0xC0339484
Shadow-MSM: /dev/shadowtrace process bridge registered
Shadow-MSM: hardware ZTE K3765-Z / Qualcomm MSM6290
Shadow-MSM: CPU MIDR 0x41069265
Shadow-MSM: physical RAM window 0x00000000-0x01FFFFFF
Shadow-MSM: initcall end 0xC0339484
Shadow-MSM: initcall begin 0xC033971C
Shadow-MSM: initcall end 0xC033971C
Shadow-MSM: initcall begin 0xC0339770
Shadow-MSM: initcall end 0xC0339770
Shadow-MSM: initcall begin 0xC0339788
Shadow-MSM: initcall end 0xC0339788
Shadow-MSM: initcall begin 0xC03397A0
Shadow-MSM: initcall end 0xC03397A0
Shadow-MSM: initcall begin 0xC03397B8
Shadow-MSM: initcall end 0xC03397B8
Shadow-MSM: initcall begin 0xC03397D0
Shadow-MSM: initcall end 0xC03397D0
Shadow-MSM: initcall begin 0xC03397E8
Shadow-MSM: initcall end 0xC03397E8
Shadow-MSM: initcall begin 0xC0339800
Shadow-MSM: initcall end 0xC0339800
Shadow-MSM: initcall begin 0xC0339818
Shadow-MSM: initcall end 0xC0339818
Shadow-MSM: initcall begin 0xC0339830
Shadow-MSM: initcall end 0xC0339830
Shadow-MSM: initcall begin 0xC0339848
Shadow-MSM: initcall end 0xC0339848
Shadow-MSM: initcall begin 0xC0339860
Shadow-MSM: initcall end 0xC0339860
Shadow-MSM: initcall begin 0xC0339878
Shadow-MSM: initcall end 0xC0339878
Shadow-MSM: initcall begin 0xC0339890
Shadow-MSM: initcall end 0xC0339890
Shadow-MSM: initcall begin 0xC03398A8
Shadow-MSM: initcall end 0xC03398A8
Shadow-MSM: initcall begin 0xC03398C0
Shadow-MSM: initcall end 0xC03398C0
Shadow-MSM: initcall begin 0xC03398D8
Shadow-MSM: initcall end 0xC03398D8
Shadow-MSM: initcall begin 0xC03398F0
Shadow-MSM: initcall end 0xC03398F0
Shadow-MSM: initcall begin 0xC0339908
Shadow-MSM: initcall end 0xC0339908
Shadow-MSM: initcall begin 0xC0339920
Shadow-MSM: initcall end 0xC0339920
Shadow-MSM: initcall begin 0xC0339938
Shadow-MSM: initcall end 0xC0339938
Shadow-MSM: initcall begin 0xC0339950
Shadow-MSM: initcall end 0xC0339950
Shadow-MSM: initcall begin 0xC033BC64
Shadow-MSM: initcall end 0xC033BC64
Shadow-MSM: initcall level end 0x00000006
Shadow-MSM: initcall level begin 0x00000007
Shadow-MSM: initcall begin 0xC032555C
Shadow-MSM: initcall end 0xC032555C
Shadow-MSM: initcall begin 0xC032693C
Shadow-MSM: initcall end 0xC032693C
Shadow-MSM: initcall begin 0xC032B6CC
Shadow-MSM: initcall end 0xC032B6CC
Shadow-MSM: initcall begin 0xC032B7F0
Shadow-MSM: initcall end 0xC032B7F0
Shadow-MSM: initcall begin 0xC032BB40
Shadow-MSM: initcall end 0xC032BB40
Shadow-MSM: initcall begin 0xC032BBF0
Shadow-MSM: initcall end 0xC032BBF0
Shadow-MSM: initcall begin 0xC032BBC8
Shadow-MSM: initcall end 0xC032BBC8
Shadow-MSM: initcall begin 0xC032BCB8
Shadow-MSM: initcall end 0xC032BCB8
Shadow-MSM: initcall begin 0xC032BCF4
Shadow-MSM: initcall end 0xC032BCF4
Shadow-MSM: initcall begin 0xC032C540
Shadow-MSM: initcall end 0xC032C540
Shadow-MSM: initcall begin 0xC032D754
Shadow-MSM: initcall end 0xC032D754
Shadow-MSM: initcall begin 0xC032DB58
Shadow-MSM: initcall end 0xC032DB58
Shadow-MSM: initcall begin 0xC032EFE8
Shadow-MSM: initcall end 0xC032EFE8
Shadow-MSM: initcall begin 0xC0331FCC
Shadow-MSM: initcall end 0xC0331FCC
Shadow-MSM: initcall begin 0xC0334BD4
Shadow-MSM: initcall end 0xC0334BD4
Shadow-MSM: initcall begin 0xC0334C80
Shadow-MSM: initcall end 0xC0334C80
Shadow-MSM: initcall begin 0xC0335888
Shadow-MSM: initcall end 0xC0335888
Shadow-MSM: initcall begin 0xC01F4740
Shadow-MSM: initcall end 0xC01F4740
Shadow-MSM: initcall begin 0xC01F8E70
Shadow-MSM: initcall end 0xC01F8E70
Shadow-MSM: initcall begin 0xC0338ABC
Shadow-MSM: initcall end 0xC0338ABC
Shadow-MSM: initcall begin 0xC0339B80
Shadow-MSM: initcall end 0xC0339B80
Shadow-MSM: initcall begin 0xC0335A5C
Shadow-MSM: initcall end 0xC0335A5C
Shadow-MSM: initcall begin 0xC0336108
Shadow-MSM: initcall end 0xC0336108
Shadow-MSM: initcall begin 0xC0339A3C
Shadow-MSM: initcall end 0xC0339A3C
Shadow-MSM: initcall level end 0x00000007
Shadow-MSM: initcalls completed
Shadow-MSM: do_basic_setup completed
Shadow-MSM: built-in KUnit phase completed
Shadow-MSM: waiting for initramfs
Shadow-MSM: initramfs wait completed
Shadow-MSM: rootfs console setup completed
Shadow-MSM: integrity keys loaded
Shadow-MSM: kernel_init_freeable completed
Shadow-MSM: async init synchronized
Shadow-MSM: init-only services detached
Shadow-MSM: init memory released
Shadow-MSM: read-only mappings finalized
Shadow-MSM: page-table isolation finalized
Shadow-MSM: system state is running
Shadow-MSM: in-kernel boot phase ended
Shadow-MSM: boot sysctl arguments applied
Shadow-MSM: executing built-in /init
Transport disconnected after handoff: GetOverlappedResult failed (PermissionError(13, 'A device attached to the system is not functioning.', None, 31))
